2025-04-04 05:16:54.916541 - Received CBT.V508.FILE160.PDS from FILE160.XMI 
2025-04-04 05:16:54.919695 - Found $$$#DATE.txt (text/plain) in CBT.V508.FILE160.PDS, moved to PDS/$$$#DATE
2025-04-04 05:16:54.919880 - Found $$$DOC.txt (text/plain) in CBT.V508.FILE160.PDS, moved to PDS/$$$DOC
2025-04-04 05:16:54.920018 - Found $$$DOC10.txt (text/plain) in CBT.V508.FILE160.PDS, moved to PDS/$$$DOC10
2025-04-04 05:16:54.920144 - Found #BULLETI.txt (text/plain) in CBT.V508.FILE160.PDS, moved to PDS/#BULLETI
2025-04-04 05:16:54.920262 - Found #DSNC.txt (text/plain) in CBT.V508.FILE160.PDS, moved to PDS/#DSNC
2025-04-04 05:16:54.920378 - Found #DSNCHEC.txt (text/plain) in CBT.V508.FILE160.PDS, moved to PDS/#DSNCHEC
2025-04-04 05:16:54.920503 - Found #FA.txt (text/plain) in CBT.V508.FILE160.PDS, moved to PDS/#FA
2025-04-04 05:16:54.920622 - Found #FREEALL.txt (text/plain) in CBT.V508.FILE160.PDS, moved to PDS/#FREEALL
2025-04-04 05:16:54.920736 - Found #IN.txt (text/plain) in CBT.V508.FILE160.PDS, moved to PDS/#IN
2025-04-04 05:16:54.920852 - Found #INSTREA.txt (text/plain) in CBT.V508.FILE160.PDS, moved to PDS/#INSTREA
2025-04-04 05:16:54.920977 - Found #ISPFPRO.txt (text/plain) in CBT.V508.FILE160.PDS, moved to PDS/#ISPFPRO
2025-04-04 05:16:54.921099 - Found #LCALL.txt (text/plain) in CBT.V508.FILE160.PDS, moved to PDS/#LCALL
2025-04-04 05:16:54.921219 - Found #LIBCALL.txt (text/plain) in CBT.V508.FILE160.PDS, moved to PDS/#LIBCALL
2025-04-04 05:16:54.921342 - Found #NEW.txt (text/plain) in CBT.V508.FILE160.PDS, moved to PDS/#NEW
2025-04-04 05:16:54.921468 - Found #NEWSPAC.txt (text/plain) in CBT.V508.FILE160.PDS, moved to PDS/#NEWSPAC
2025-04-04 05:16:54.921586 - Found #PDF.txt (text/plain) in CBT.V508.FILE160.PDS, moved to PDS/#PDF
2025-04-04 05:16:54.921708 - Found #SAFEC.txt (text/plain) in CBT.V508.FILE160.PDS, moved to PDS/#SAFEC
2025-04-04 05:16:54.921847 - Found #SAFECOP.txt (text/plain) in CBT.V508.FILE160.PDS, moved to PDS/#SAFECOP
2025-04-04 05:16:54.921985 - Found #SYSD.txt (text/plain) in CBT.V508.FILE160.PDS, moved to PDS/#SYSD
2025-04-04 05:16:54.922110 - Found #SYSDSN.txt (text/plain) in CBT.V508.FILE160.PDS, moved to PDS/#SYSDSN
2025-04-04 05:16:54.922231 - Found #XP.txt (text/plain) in CBT.V508.FILE160.PDS, moved to PDS/#XP
2025-04-04 05:16:54.922353 - Found #XPRINT.txt (text/plain) in CBT.V508.FILE160.PDS, moved to PDS/#XPRINT
2025-04-04 05:16:54.922484 - Found @FILE160.txt (text/plain) in CBT.V508.FILE160.PDS, moved to PDS/@FILE160
2025-04-04 05:16:54.922599 - Found BUCPY.txt (text/plain) in CBT.V508.FILE160.PDS, moved to PDS/BUCPY
2025-04-04 05:16:54.922805 - Found BUDOC.txt (text/plain) in CBT.V508.FILE160.PDS, moved to PDS/BUDOC
2025-04-04 05:16:54.922938 - Found BUINPUT.txt (text/plain) in CBT.V508.FILE160.PDS, moved to PDS/BUINPUT
2025-04-04 05:16:54.923064 - Found BUISPTCM.txt (text/plain) in CBT.V508.FILE160.PDS, moved to PDS/BUISPTCM
2025-04-04 05:16:54.923251 - Found BUJCL.txt (text/plain) in CBT.V508.FILE160.PDS, moved to PDS/BUJCL
2025-04-04 05:16:54.923371 - Found BUJEFTE2.txt (text/plain) in CBT.V508.FILE160.PDS, moved to PDS/BUJEFTE2
2025-04-04 05:16:54.923499 - Found BULLETIN.txt (text/plain) in CBT.V508.FILE160.PDS, moved to PDS/BULLETIN
2025-04-04 05:16:54.923607 - Found BULNK.txt (text/plain) in CBT.V508.FILE160.PDS, moved to PDS/BULNK
2025-04-04 05:16:54.923715 - Found BUSTC.txt (text/plain) in CBT.V508.FILE160.PDS, moved to PDS/BUSTC
2025-04-04 05:16:54.923823 - Found BUSTCDTA.txt (text/plain) in CBT.V508.FILE160.PDS, moved to PDS/BUSTCDTA
2025-04-04 05:16:54.923939 - Found DSNCCPY.txt (text/plain) in CBT.V508.FILE160.PDS, moved to PDS/DSNCCPY
2025-04-04 05:16:54.924072 - Found DSNCDOC.txt (text/plain) in CBT.V508.FILE160.PDS, moved to PDS/DSNCDOC
2025-04-04 05:16:54.924189 - Found DSNCHECK.txt (text/plain) in CBT.V508.FILE160.PDS, moved to PDS/DSNCHECK
2025-04-04 05:16:54.924298 - Found DSNCJCL.txt (text/plain) in CBT.V508.FILE160.PDS, moved to PDS/DSNCJCL
2025-04-04 05:16:54.924413 - Found DSNCLNK.txt (text/plain) in CBT.V508.FILE160.PDS, moved to PDS/DSNCLNK
2025-04-04 05:16:54.924541 - Found EQ$R.txt (text/plain) in CBT.V508.FILE160.PDS, moved to PDS/EQ$R
2025-04-04 05:16:54.924652 - Found FACPY.txt (text/plain) in CBT.V508.FILE160.PDS, moved to PDS/FACPY
2025-04-04 05:16:54.924760 - Found FADOC.txt (text/plain) in CBT.V508.FILE160.PDS, moved to PDS/FADOC
2025-04-04 05:16:54.924869 - Found FAJCL.txt (text/plain) in CBT.V508.FILE160.PDS, moved to PDS/FAJCL
2025-04-04 05:16:54.924985 - Found FALNK.txt (text/plain) in CBT.V508.FILE160.PDS, moved to PDS/FALNK
2025-04-04 05:16:54.925136 - Found FREEALL.txt (text/plain) in CBT.V508.FILE160.PDS, moved to PDS/FREEALL
2025-04-04 05:16:54.925254 - Found FREEALL$.jcl (text/plain) in CBT.V508.FILE160.PDS, moved to PDS/FREEALL$
2025-04-04 05:16:54.925370 - Found FREEALL0.txt (text/plain) in CBT.V508.FILE160.PDS, moved to PDS/FREEALL0
2025-04-04 05:16:54.925496 - Found GTEDAALC.txt (text/plain) in CBT.V508.FILE160.PDS, moved to PDS/GTEDAALC
2025-04-04 05:16:54.925608 - Found GTEDADAT.txt (text/plain) in CBT.V508.FILE160.PDS, moved to PDS/GTEDADAT
2025-04-04 05:16:54.925773 - Found GTEDADOC.txt (text/plain) in CBT.V508.FILE160.PDS, moved to PDS/GTEDADOC
2025-04-04 05:16:54.925898 - Found GTEDASET.txt (text/plain) in CBT.V508.FILE160.PDS, moved to PDS/GTEDASET
2025-04-04 05:16:54.926007 - Found INCPY.txt (text/plain) in CBT.V508.FILE160.PDS, moved to PDS/INCPY
2025-04-04 05:16:54.926121 - Found INDOC.txt (text/plain) in CBT.V508.FILE160.PDS, moved to PDS/INDOC
2025-04-04 05:16:54.926240 - Found INJCL.txt (text/plain) in CBT.V508.FILE160.PDS, moved to PDS/INJCL
2025-04-04 05:16:54.926352 - Found INLNK.txt (text/plain) in CBT.V508.FILE160.PDS, moved to PDS/INLNK
2025-04-04 05:16:54.926468 - Found INSTREAM.txt (text/plain) in CBT.V508.FILE160.PDS, moved to PDS/INSTREAM
2025-04-04 05:16:54.926587 - Found ISPFPRIM.txt (text/plain) in CBT.V508.FILE160.PDS, moved to PDS/ISPFPRIM
2025-04-04 05:16:54.926711 - Found LCALLCPY.txt (text/plain) in CBT.V508.FILE160.PDS, moved to PDS/LCALLCPY
2025-04-04 05:16:54.926821 - Found LCALLDOC.txt (text/plain) in CBT.V508.FILE160.PDS, moved to PDS/LCALLDOC
2025-04-04 05:16:54.926930 - Found LCALLJCL.txt (text/plain) in CBT.V508.FILE160.PDS, moved to PDS/LCALLJCL
2025-04-04 05:16:54.927042 - Found LCALLLNK.txt (text/plain) in CBT.V508.FILE160.PDS, moved to PDS/LCALLLNK
2025-04-04 05:16:54.927163 - Found LIBCALL.txt (text/plain) in CBT.V508.FILE160.PDS, moved to PDS/LIBCALL
2025-04-04 05:16:54.927282 - Found LINKBACK.txt (text/plain) in CBT.V508.FILE160.PDS, moved to PDS/LINKBACK
2025-04-04 05:16:54.927391 - Found LINKSAVE.txt (text/plain) in CBT.V508.FILE160.PDS, moved to PDS/LINKSAVE
2025-04-04 05:16:54.927502 - Found NEWCPY.txt (text/plain) in CBT.V508.FILE160.PDS, moved to PDS/NEWCPY
2025-04-04 05:16:54.927612 - Found NEWDOC.txt (text/plain) in CBT.V508.FILE160.PDS, moved to PDS/NEWDOC
2025-04-04 05:16:54.927783 - Found NEWJCL.txt (text/plain) in CBT.V508.FILE160.PDS, moved to PDS/NEWJCL
2025-04-04 05:16:54.927915 - Found NEWLNK.txt (text/plain) in CBT.V508.FILE160.PDS, moved to PDS/NEWLNK
2025-04-04 05:16:54.928043 - Found NEWSPACE.txt (text/plain) in CBT.V508.FILE160.PDS, moved to PDS/NEWSPACE
2025-04-04 05:16:54.928163 - Found PDF.txt (text/plain) in CBT.V508.FILE160.PDS, moved to PDS/PDF
2025-04-04 05:16:54.928287 - Found PDFCPY.txt (text/plain) in CBT.V508.FILE160.PDS, moved to PDS/PDFCPY
2025-04-04 05:16:54.928418 - Found PDFDOC.txt (text/plain) in CBT.V508.FILE160.PDS, moved to PDS/PDFDOC
2025-04-04 05:16:54.928546 - Found PDFJCL.txt (text/plain) in CBT.V508.FILE160.PDS, moved to PDS/PDFJCL
2025-04-04 05:16:54.928655 - Found PDFLNK.txt (text/plain) in CBT.V508.FILE160.PDS, moved to PDS/PDFLNK
2025-04-04 05:16:54.928767 - Found SAFECCPY.txt (text/plain) in CBT.V508.FILE160.PDS, moved to PDS/SAFECCPY
2025-04-04 05:16:54.928882 - Found SAFECDOC.txt (text/plain) in CBT.V508.FILE160.PDS, moved to PDS/SAFECDOC
2025-04-04 05:16:54.929016 - Found SAFECJCL.txt (text/plain) in CBT.V508.FILE160.PDS, moved to PDS/SAFECJCL
2025-04-04 05:16:54.929127 - Found SAFECLNK.txt (text/plain) in CBT.V508.FILE160.PDS, moved to PDS/SAFECLNK
2025-04-04 05:16:54.929248 - Found SAFECOPY.txt (text/plain) in CBT.V508.FILE160.PDS, moved to PDS/SAFECOPY
2025-04-04 05:16:54.929366 - Found SYSDCPY.txt (text/plain) in CBT.V508.FILE160.PDS, moved to PDS/SYSDCPY
2025-04-04 05:16:54.929478 - Found SYSDDOC.txt (text/plain) in CBT.V508.FILE160.PDS, moved to PDS/SYSDDOC
2025-04-04 05:16:54.929588 - Found SYSDJCL.txt (text/plain) in CBT.V508.FILE160.PDS, moved to PDS/SYSDJCL
2025-04-04 05:16:54.929698 - Found SYSDLNK.txt (text/plain) in CBT.V508.FILE160.PDS, moved to PDS/SYSDLNK
2025-04-04 05:16:54.929812 - Found SYSDSN.txt (text/plain) in CBT.V508.FILE160.PDS, moved to PDS/SYSDSN
2025-04-04 05:16:54.929920 - Found XPCPY.txt (text/plain) in CBT.V508.FILE160.PDS, moved to PDS/XPCPY
2025-04-04 05:16:54.930027 - Found XPDOC.txt (text/plain) in CBT.V508.FILE160.PDS, moved to PDS/XPDOC
2025-04-04 05:16:54.930133 - Found XPJCL.jcl (text/plain) in CBT.V508.FILE160.PDS, moved to PDS/XPJCL
2025-04-04 05:16:54.930239 - Found XPLNK.txt (text/plain) in CBT.V508.FILE160.PDS, moved to PDS/XPLNK
2025-04-04 05:16:54.930364 - Found XPRINT.txt (text/plain) in CBT.V508.FILE160.PDS, moved to PDS/XPRINT
